.,'domani,1
'domani,'ciao,1
'ciao,andiamo',1
andiamo',simone',1
simone','ok,1
'ok,prova',1
prova','domani,1
