.,cosa,1
cosa,dicono,1
dicono,le,1
le,previsioni,1
previsioni,del,0.6667,di,0.3333
del,tempo,1
tempo,?,0.3333,di,0.3333,incerto,0.3333
?,previsioni,0.5000,cosa,0.5000
di,oggi,0.5000,domani,0.5000
oggi,tempo,1
incerto,!,1
!,previsioni,1
domani,?,1
